// Jest Snapshot v1, https://goo.gl/fbAQLP

exports[`Should render Expenses list 1`] = `
<div>
  Dashboard Page Content
</div>
`;
